[texasmountaineers.org/index.html]
[backblue.gif]
[fade.gif]
[index.html]
[texasmountaineers.org/wordpress/wp-content/thesis/skins/classic-r/css.css]
[texasmountaineers.org/feed/index.html]
[www.google-analytics.com/analytics.js]
[texasmountaineers.org/wordpress/wp-includes/css/dist/block-library/style.min6619.css]
[texasmountaineers.org/wordpress/wp-content/plugins/forget-about-shortcode-buttons/public/css/button-styles431f.css]
[texasmountaineers.org/wordpress/wp-content/uploads/favicon.ico]
[texasmountaineers.org/wordpress/wp-content/plugins/google-analytics-for-wordpress/assets/js/frontend.min2498.js]
[cdn-images.mailchimp.com/embedcode/classic-10_7.css]
[texasmountaineers.org/wp-json/index.html]
[texasmountaineers.org/classes/index.html]
[texasmountaineers.org/membership/index.html]
[texasmountaineers.org/guidelines/index.html]
[texasmountaineers.org/wordpress/wp-includes/js/wp-embed.min6619.js]
[texasmountaineers.org/index.html]
[texasmountaineers.org/by-laws/index.html]
[texasmountaineers.org/forum/index.html]
[texasmountaineers.org/calendar/index.html]
[texasmountaineers.org/wordpress/wp-content/uploads/background_01.jpg]
[texasmountaineers.org/contact-2/index.html]
[texasmountaineers.org/about/index.html]
[texasmountaineers.org/wordpress/wp-content/thesis/skins/classic-r/css.css]
[texasmountaineers.org/wordpress/xmlrpc.php]
[texasmountaineers.org/wordpress/wp-includes/css/dist/block-library/style.min6619.css]
[texasmountaineers.org/wordpress/wp-includes/css/dashicons.min.css]
[texasmountaineers.org/2019-events/index.html]
[texasmountaineers.org/copyright/index.html]
[texasmountaineers.org/wordpress/wp-content/plugins/forget-about-shortcode-buttons/public/css/button-styles431f.css]
[texasmountaineers.org/classes/feed/index.html]
[texasmountaineers.org/wp-json/oembed/1.0/embed5f37.json]
[texasmountaineers.org/wordpress/wp-content/plugins/forget-about-shortcode-buttons/public/css/font-awesome.min.css]
[texasmountaineers.org/wp-json/oembed/1.0/embed21dd]
[www.paypalobjects.com/en_US/i/btn/btn_cart_LG.gif]
[texasmountaineers.org/wordpress/wp-content/uploads/TM-Cancellation-and-Refund-Policy.docx]
[texasmountaineers.org/classes/index.html]
[texasmountaineers.org/wp-json/oembed/1.0/embed50fa.json]
[texasmountaineers.org/wp-json/oembed/1.0/embedd399]
[texasmountaineers.org/docs/forms/20160316_TM_Membership_Application.pdf]
[texasmountaineers.org/docs/forms/20160201_TM_Release_Form.pdf]
[www.paypalobjects.com/en_US/i/scr/pixel.gif]
[www.paypalobjects.com/en_US/i/btn/btn_buynow_LGd4a3.gif]
[texasmountaineers.org/membership/index.html]
[texasmountaineers.org/wp-json/oembed/1.0/embed4300.json]
[texasmountaineers.org/guidelines/index.html]
[texasmountaineers.org/wp-json/oembed/1.0/embed3238.json]
[texasmountaineers.org/by-laws/index.html]
[texasmountaineers.org/wp-json/oembed/1.0/embede666]
[texasmountaineers.org/wp-json/oembed/1.0/embed4be7.json]
[texasmountaineers.org/calendar/feed/index.html]
[texasmountaineers.org/calendar/index.html]
[texasmountaineers.org/wp-json/oembed/1.0/embed465a]
[texasmountaineers.org/forum/Themes/Reseller/css/bootstrap.css]
[texasmountaineers.org/forum/Themes/Reseller/css/reseller.css]
[ajax.googleapis.com/ajax/libs/jquery/2.1.1/jquery.min.js]
[texasmountaineers.org/forum/Themes/Reseller/css/index7b35.css]
[texasmountaineers.org/forum/Themes/Reseller/scripts/theme7b35.js]
[texasmountaineers.org/forum/Themes/Reseller/scripts/bootstrap.min.js]
[texasmountaineers.org/forum/Themes/Reseller/index5c18.html]
[texasmountaineers.org/forum/Themes/default/indexc0b9.html]
[texasmountaineers.org/forum/indexc1b0.html]
[texasmountaineers.org/forum/Themes/default/scripts/script7b35.js]
[texasmountaineers.org/forum/index0a22.html]
[texasmountaineers.org/forum/help/index0a22.html]
[texasmountaineers.org/forum/search/index0a22.html]
[texasmountaineers.org/forum/index2f10.gif]
[texasmountaineers.org/forum/Themes/Reseller/images/collapse.gif]
[texasmountaineers.org/forum/Themes/Reseller/images/expand.gif]
[texasmountaineers.org/forum/Themes/Reseller/images/txmountaineers_logosmall_150x150.png]
[texasmountaineers.org/forum/android-app_/com.quoord.tapatalkpro.activity/tapatalk/texasmountaineers.org/forum/indexc729.html]
[texasmountaineers.org/forum/ios-app_/307880732/tapatalk/texasmountaineers.org/forum/indexc729.html]
[texasmountaineers.org/forum/index0ddc.html]
[texasmountaineers.org/forum/Themes/Reseller/images/icons/login_sm.gif]
[texasmountaineers.org/forum/Themes/default/scripts/sha1.js]
[texasmountaineers.org/forum/index.html]
[texasmountaineers.org/forum/Themes/Reseller/images/social_icons/facebook.png]
[texasmountaineers.org/forum/gallery/index0a22.html]
[texasmountaineers.org/forum/login/index0a22.html]
[texasmountaineers.org/forum/register/index0a22.html]
[texasmountaineers.org/wp-json/oembed/1.0/embed931a.json]
[texasmountaineers.org/forum/forum/index0a22.html]
[texasmountaineers.org/forum/reminder/index0a22.html]
[texasmountaineers.org/forum/credits/index0a22.html]
[texasmountaineers.org/wp-json/oembed/1.0/embedb577]
[texasmountaineers.org/wordpress/wp-content/uploads/melissa-400x300.jpg]
[texasmountaineers.org/wordpress/wp-content/uploads/don-334x400.jpg]
[texasmountaineers.org/wordpress/wp-content/uploads/IMG_1794-300x400.jpg]
[texasmountaineers.org/wordpress/wp-content/uploads/IMG_20181124_091945-225x400.jpg]
[texasmountaineers.org/wordpress/wp-content/uploads/gary-300x400.jpg]
[texasmountaineers.org/wordpress/wp-content/uploads/Abe-348x400.png]
[texasmountaineers.org/wordpress/wp-content/uploads/kevin.jpg]
[texasmountaineers.org/wordpress/wp-content/uploads/IMG_1269-300x400.jpg]
[texasmountaineers.org/about/index.html]
[texasmountaineers.org/wp-json/oembed/1.0/embed47e4.json]
[texasmountaineers.org/contact-2/index.html]
[texasmountaineers.org/wp-json/oembed/1.0/embed4fd2]
[texasmountaineers.org/wp-json/oembed/1.0/embedf326.json]
[texasmountaineers.org/2019-events/feed/index.html]
[texasmountaineers.org/2019-events/index.html]
[cdn-images.mailchimp.com/embedcode/classic-10_7.css]
[texasmountaineers.org/wp-json/oembed/1.0/embed6e47]
[texasmountaineers.org/wp-json/oembed/1.0/embeddd75.json]
[texasmountaineers.org/copyright/index.html]
[texasmountaineers.org/wordpress/wp-content/uploads/logo/logo.svg]
[texasmountaineers.org/wordpress/wp-content/uploads/social/socicon.svg]
[texasmountaineers.org/wp-json/oembed/1.0/embed16b2]
[texasmountaineers.org/wordpress/wp-includes/fonts/dashicons2ce6.eot]
[texasmountaineers.org/wordpress/wp-includes/fonts/dashicons2ce6.ttf]
[texasmountaineers.org/wordpress/wp-includes/css/dashicons.min.css]
[texasmountaineers.org/wordpress/wp-content/plugins/forget-about-shortcode-buttons/public/css/font-awesome.min.css]
[texasmountaineers.org/wordpress/wp-content/plugins/forget-about-shortcode-buttons/public/fonts/fontawesome-webfont.51ba72.dela]
[texasmountaineers.org/wordpress/wp-content/plugins/forget-about-shortcode-buttons/public/fonts/fontawesome-webfont.52d41d.dela]
[texasmountaineers.org/wordpress/wp-content/plugins/forget-about-shortcode-buttons/public/fonts/fontawesome-webfont.53ba72.dela]
[texasmountaineers.org/forum/Themes/Reseller/css/bootstrap.css]
[texasmountaineers.org/wordpress/wp-content/plugins/forget-about-shortcode-buttons/public/fonts/fontawesome-webfont.54ba72.dela]
[texasmountaineers.org/forum/Themes/Reseller/css/reseller.css]
[texasmountaineers.org/forum/Themes/Reseller/images/theme/submit_bg.png]
[texasmountaineers.org/wp-json/oembed/1.0/embeda642]
[texasmountaineers.org/forum/Themes/Reseller/images/theme/quote.png]
[texasmountaineers.org/forum/Themes/Reseller/images/openid.gif]
[texasmountaineers.org/forum/Themes/Reseller/images/theme/loadingbar.png]
[texasmountaineers.org/forum/Themes/Reseller/images/theme/main_block.png]
[texasmountaineers.org/forum/Themes/Reseller/images/theme/menu_gfx.png]
[texasmountaineers.org/forum/Themes/Reseller/images/theme/quickbuttons.png]
[texasmountaineers.org/forum/Themes/Reseller/images/icons/quick_sticky.gif]
[texasmountaineers.org/forum/Themes/Reseller/images/icons/quick_lock.gif]
[texasmountaineers.org/forum/Themes/Reseller/images/icons/quick_sticky_lock.gif]
[texasmountaineers.org/forum/Themes/Reseller/images/stats_pie.png]
[texasmountaineers.org/forum/Themes/Reseller/css/index7b35.css]
[texasmountaineers.org/forum/Themes/Reseller/index5c18.html]
[texasmountaineers.org/forum/index-2.html]
[texasmountaineers.org/forum/Themes/default/indexc0b9.html]
[texasmountaineers.org/forum/indexc1b0.html]
[texasmountaineers.org/forum/help/index.html]
[texasmountaineers.org/forum/search/index.html]
[texasmountaineers.org/forum/gallery/index.html]
[texasmountaineers.org/forum/help/index0a22.html]
[texasmountaineers.org/forum/search/index0a22.html]
[texasmountaineers.org/forum/login/index.html]
[texasmountaineers.org/forum/register/index.html]
[texasmountaineers.org/forum/forum/index.html]
[texasmountaineers.org/forum/index0a22.html]
[texasmountaineers.org/forum/android-app_/com.quoord.tapatalkpro.activity/tapatalk/texasmountaineers.org/forum/indexc729.html]
[texasmountaineers.org/forum/ios-app_/307880732/tapatalk/texasmountaineers.org/forum/indexc729.html]
[texasmountaineers.org/forum/gallery/index0a22.html]
[texasmountaineers.org/forum/login/index0a22.html]
[texasmountaineers.org/forum/reminder/index.html]
[texasmountaineers.org/forum/credits/index.html]
[texasmountaineers.org/forum/Themes/default/scripts/register.js]
[texasmountaineers.org/forum/Themes/Reseller/images/icons/field_check.gif]
[texasmountaineers.org/forum/Themes/Reseller/images/icons/field_invalid.gif]
[texasmountaineers.org/forum/Themes/Reseller/images/icons/field_valid.gif]
[texasmountaineers.org/forum/register/index0a22.html]
[texasmountaineers.org/forum/index0ddc.html]
[texasmountaineers.org/forum/forum/index0a22.html]
[texasmountaineers.org/forum/index4282.gif]
[texasmountaineers.org/forum/reminder/index0a22.html]
[texasmountaineers.org/forum/credits/index0a22.html]
[texasmountaineers.org/wordpress/wp-content/plugins/forget-about-shortcode-buttons/public/fonts/fontawesome-webfont.55ba72.dela]
[texasmountaineers.org/forum/index-2.html]
[texasmountaineers.org/forum/help/index.html]
[texasmountaineers.org/forum/search/index.html]
[texasmountaineers.org/forum/gallery/index.html]
[texasmountaineers.org/forum/login/index.html]
[texasmountaineers.org/forum/register/index.html]
[texasmountaineers.org/forum/forum/index.html]
[texasmountaineers.org/forum/reminder/index.html]
[texasmountaineers.org/forum/credits/index.html]
[texasmountaineers.org/forum/index3ddb.php]
[texasmountaineers.org/forum/Themes/Reseller/images/index.html]
